
===== 2026-08-20T03:19:34.796223 (gpu 0) =====
/opt/venv/bin/python /workspace/merge_tools/micr/run_eval_32b.py --ops_step_csvs_dir /workspace/merge_tools/runs/qwen32b3_rerun/clustering/qwen32b3 --label_map_json /workspace/merge_tools/runs/qwen32b3_rerun/label_map.json --target_label Light-IF-32B --domain tinyMMLU --replay_steps_csv /workspace/merge_tools/runs/qwen32b3_rerun/micr/qwen32b3/Light-IF-32B/steps.csv --replay_cutoff 0 --replay_cutoff_mode step_idx --scaling off --save_variant_dir /workspace/merge_tools/runs/qwen32b3_rerun/finaleval/fig5a/B_Light-IF-32B --working_root /workspace/merge_tools/runs/qwen32b3_rerun/work_replay/B_Light-IF-32B --results_csv /workspace/merge_tools/runs/qwen32b3_rerun/finaleval/fig5a/B_Light-IF-32B/replay_steps.csv --output_dir /workspace/merge_tools/runs/qwen32b3_rerun/finaleval/fig5a/B_Light-IF-32B/evals --gpu_ids 0
[load] Loaded step1 operations: 416 rows from ops_step1_Light-IF-32B.csv
[load] Loaded step2 operations: 12 rows from ops_step2_Light-IF-32B.csv
[load] Total operations loaded: 428 rows
[init] copy Light-IF-32B: /workspace/merge_tools/hf_cache/models/Light-IF-32B -> /workspace/merge_tools/runs/qwen32b3_rerun/work_replay/B_Light-IF-32B/Light-IF-32B
[merge] arithmetic device: cpu (elementwise; bitwise-identical on cpu and cuda)
[scale] scaling mode 'off' (--scaling): scaling disabled, including cross-family/auto-family triggers
[replay] /workspace/merge_tools/runs/qwen32b3_rerun/micr/qwen32b3/Light-IF-32B/steps.csv: 130 recorded steps, 1 accepted at or before cutoff=0 (step_idx)
[replay] per-step evaluation is disabled; decisions are taken from the CSV.
[baseline] eval disabled, using default 0.0 for Light-IF-32B
[sort] Mode: 'normal'. Processing steps in order.

==================== Operation Summary ====================
Sort Mode: normal
Total merge operations to process: 428
     stage  layer group component                                    models
0        1     15   mlp  mlp_down  Light-IF-32B:15,MedGo:15,T-pro-it-2.0:15
1        1     15   mlp  mlp_gate  Light-IF-32B:15,MedGo:15,T-pro-it-2.0:15
2        1     15   mlp    mlp_up  Light-IF-32B:15,MedGo:15,T-pro-it-2.0:15
3        1     17   mlp  mlp_down  Light-IF-32B:17,MedGo:17,T-pro-it-2.0:17
4        1     17   mlp  mlp_gate  Light-IF-32B:17,MedGo:17,T-pro-it-2.0:17
5        1     17   mlp    mlp_up  Light-IF-32B:17,MedGo:17,T-pro-it-2.0:17
6        1     13   mlp  mlp_down  Light-IF-32B:13,MedGo:13,T-pro-it-2.0:13
7        1     13   mlp  mlp_gate  Light-IF-32B:13,MedGo:13,T-pro-it-2.0:13
8        1     13   mlp    mlp_up  Light-IF-32B:13,MedGo:13,T-pro-it-2.0:13
9        1     19   mlp  mlp_down  Light-IF-32B:19,MedGo:19,T-pro-it-2.0:19
10       1     19   mlp  mlp_gate  Light-IF-32B:19,MedGo:19,T-pro-it-2.0:19
11       1     19   mlp    mlp_up  Light-IF-32B:19,MedGo:19,T-pro-it-2.0:19
12       1     11   mlp  mlp_down  Light-IF-32B:11,MedGo:11,T-pro-it-2.0:11
13       1     11   mlp  mlp_gate  Light-IF-32B:11,MedGo:11,T-pro-it-2.0:11
14       1     11   mlp    mlp_up  Light-IF-32B:11,MedGo:11,T-pro-it-2.0:11
15       1     21   mlp  mlp_down  Light-IF-32B:21,MedGo:21,T-pro-it-2.0:21
16       1     21   mlp  mlp_gate  Light-IF-32B:21,MedGo:21,T-pro-it-2.0:21
17       1     21   mlp    mlp_up  Light-IF-32B:21,MedGo:21,T-pro-it-2.0:21
18       1      8   mlp  mlp_down     Light-IF-32B:8,MedGo:8,T-pro-it-2.0:8
19       1      8   mlp  mlp_gate     Light-IF-32B:8,MedGo:8,T-pro-it-2.0:8
20       1      8   mlp    mlp_up     Light-IF-32B:8,MedGo:8,T-pro-it-2.0:8
21       1     24   mlp  mlp_down  Light-IF-32B:24,MedGo:24,T-pro-it-2.0:24
22       1     24   mlp  mlp_gate  Light-IF-32B:24,MedGo:24,T-pro-it-2.0:24
23       1     24   mlp    mlp_up  Light-IF-32B:24,MedGo:24,T-pro-it-2.0:24
24       1     26   mlp  mlp_down  Light-IF-32B:26,MedGo:26,T-pro-it-2.0:26
25       1     26   mlp  mlp_gate  Light-IF-32B:26,MedGo:26,T-pro-it-2.0:26
26       1     26   mlp    mlp_up  Light-IF-32B:26,MedGo:26,T-pro-it-2.0:26
27       1      3   mlp  mlp_down     Light-IF-32B:3,MedGo:3,T-pro-it-2.0:3
28       1      3   mlp  mlp_gate     Light-IF-32B:3,MedGo:3,T-pro-it-2.0:3
29       1      3   mlp    mlp_up     Light-IF-32B:3,MedGo:3,T-pro-it-2.0:3
30       1     28   mlp  mlp_down  Light-IF-32B:28,MedGo:28,T-pro-it-2.0:28
31       1     28   mlp  mlp_gate  Light-IF-32B:28,MedGo:28,T-pro-it-2.0:28
32       1     28   mlp    mlp_up  Light-IF-32B:28,MedGo:28,T-pro-it-2.0:28
33       1     30   mlp  mlp_down  Light-IF-32B:30,MedGo:30,T-pro-it-2.0:30
34       1     30   mlp  mlp_gate  Light-IF-32B:30,MedGo:30,T-pro-it-2.0:30
35       1     30   mlp    mlp_up  Light-IF-32B:30,MedGo:30,T-pro-it-2.0:30
36       1     39   mlp  mlp_down  Light-IF-32B:39,MedGo:39,T-pro-it-2.0:39
37       1     39   mlp  mlp_gate  Light-IF-32B:39,MedGo:39,T-pro-it-2.0:39
38       1     39   mlp    mlp_up  Light-IF-32B:39,MedGo:39,T-pro-it-2.0:39
39       1     41   mlp  mlp_down  Light-IF-32B:41,MedGo:41,T-pro-it-2.0:41
40       1     41   mlp  mlp_gate  Light-IF-32B:41,MedGo:41,T-pro-it-2.0:41
41       1     41   mlp    mlp_up  Light-IF-32B:41,MedGo:41,T-pro-it-2.0:41
42       1     44   mlp  mlp_down  Light-IF-32B:44,MedGo:44,T-pro-it-2.0:44
43       1     44   mlp  mlp_gate  Light-IF-32B:44,MedGo:44,T-pro-it-2.0:44
44       1     44   mlp    mlp_up  Light-IF-32B:44,MedGo:44,T-pro-it-2.0:44
45       1     46   mlp  mlp_down  Light-IF-32B:46,MedGo:46,T-pro-it-2.0:46
46       1     46   mlp  mlp_gate  Light-IF-32B:46,MedGo:46,T-pro-it-2.0:46
47       1     46   mlp    mlp_up  Light-IF-32B:46,MedGo:46,T-pro-it-2.0:46
48       1     48   mlp  mlp_down  Light-IF-32B:48,MedGo:48,T-pro-it-2.0:48
49       1     48   mlp  mlp_gate  Light-IF-32B:48,MedGo:48,T-pro-it-2.0:48
50       1     48   mlp    mlp_up  Light-IF-32B:48,MedGo:48,T-pro-it-2.0:48
51       1     50   mlp  mlp_down  Light-IF-32B:50,MedGo:50,T-pro-it-2.0:50
52       1     50   mlp  mlp_gate  Light-IF-32B:50,MedGo:50,T-pro-it-2.0:50
53       1     50   mlp    mlp_up  Light-IF-32B:50,MedGo:50,T-pro-it-2.0:50
54       1     52   mlp  mlp_down  Light-IF-32B:52,MedGo:52,T-pro-it-2.0:52
55       1     52   mlp  mlp_gate  Light-IF-32B:52,MedGo:52,T-pro-it-2.0:52
56       1     52   mlp    mlp_up  Light-IF-32B:52,MedGo:52,T-pro-it-2.0:52
57       1     55   mlp  mlp_down  Light-IF-32B:55,MedGo:55,T-pro-it-2.0:55
58       1     55   mlp  mlp_gate  Light-IF-32B:55,MedGo:55,T-pro-it-2.0:55
59       1     55   mlp    mlp_up  Light-IF-32B:55,MedGo:55,T-pro-it-2.0:55
60       1     57   mlp  mlp_down  Light-IF-32B:57,MedGo:57,T-pro-it-2.0:57
61       1     57   mlp  mlp_gate  Light-IF-32B:57,MedGo:57,T-pro-it-2.0:57
62       1     57   mlp    mlp_up  Light-IF-32B:57,MedGo:57,T-pro-it-2.0:57
63       1     59   mlp  mlp_down  Light-IF-32B:59,MedGo:59,T-pro-it-2.0:59
64       1     59   mlp  mlp_gate  Light-IF-32B:59,MedGo:59,T-pro-it-2.0:59
65       1     59   mlp    mlp_up  Light-IF-32B:59,MedGo:59,T-pro-it-2.0:59
66       1     63   mlp  mlp_down  Light-IF-32B:63,MedGo:63,T-pro-it-2.0:63
67       1     63   mlp  mlp_gate  Light-IF-32B:63,MedGo:63,T-pro-it-2.0:63
68       1     63   mlp    mlp_up  Light-IF-32B:63,MedGo:63,T-pro-it-2.0:63
69       1     61   mlp  mlp_down  Light-IF-32B:61,MedGo:61,T-pro-it-2.0:61
70       1     61   mlp  mlp_gate                  Light-IF-32B:61,MedGo:61
71       1     61   mlp    mlp_up  Light-IF-32B:61,MedGo:61,T-pro-it-2.0:61
72       1      5   mlp  mlp_down             Light-IF-32B:5,T-pro-it-2.0:5
73       1      5   mlp  mlp_gate             Light-IF-32B:5,T-pro-it-2.0:5
74       1      5   mlp    mlp_up             Light-IF-32B:5,T-pro-it-2.0:5
75       1      0   mlp  mlp_down                    Light-IF-32B:0,MedGo:0
76       1      0   mlp  mlp_gate                    Light-IF-32B:0,MedGo:0
77       1      0   mlp    mlp_up                    Light-IF-32B:0,MedGo:0
78       1     32   mlp  mlp_down           Light-IF-32B:32,T-pro-it-2.0:32
79       1     32   mlp  mlp_gate           Light-IF-32B:32,T-pro-it-2.0:32
80       1     32   mlp    mlp_up           Light-IF-32B:32,T-pro-it-2.0:32
81       1     34   mlp  mlp_down           Light-IF-32B:34,T-pro-it-2.0:34
82       1     34   mlp  mlp_gate           Light-IF-32B:34,T-pro-it-2.0:34
83       1     34   mlp    mlp_up           Light-IF-32B:34,T-pro-it-2.0:34
84       1     36   mlp  mlp_down           Light-IF-32B:36,T-pro-it-2.0:36
85       1     36   mlp  mlp_gate           Light-IF-32B:36,T-pro-it-2.0:36
86       1     36   mlp    mlp_up           Light-IF-32B:36,T-pro-it-2.0:36
87       1     16   mlp  mlp_down  Light-IF-32B:16,MedGo:16,T-pro-it-2.0:16
88       1     16   mlp  mlp_gate  Light-IF-32B:16,MedGo:16,T-pro-it-2.0:16
89       1     16   mlp    mlp_up  Light-IF-32B:16,MedGo:16,T-pro-it-2.0:16
90       1     14   mlp  mlp_down  Light-IF-32B:14,MedGo:14,T-pro-it-2.0:14
91       1     14   mlp  mlp_gate  Light-IF-32B:14,MedGo:14,T-pro-it-2.0:14
92       1     14   mlp    mlp_up  Light-IF-32B:14,MedGo:14,T-pro-it-2.0:14
93       1     18   mlp  mlp_down  Light-IF-32B:18,MedGo:18,T-pro-it-2.0:18
94       1     18   mlp  mlp_gate  Light-IF-32B:18,MedGo:18,T-pro-it-2.0:18
95       1     18   mlp    mlp_up  Light-IF-32B:18,MedGo:18,T-pro-it-2.0:18
96       1     20   mlp  mlp_down  Light-IF-32B:20,MedGo:20,T-pro-it-2.0:20
97       1     20   mlp  mlp_gate  Light-IF-32B:20,MedGo:20,T-pro-it-2.0:20
98       1     20   mlp    mlp_up  Light-IF-32B:20,MedGo:20,T-pro-it-2.0:20
99       1     10   mlp  mlp_down  Light-IF-32B:10,MedGo:10,T-pro-it-2.0:10
100      1     10   mlp  mlp_gate  Light-IF-32B:10,MedGo:10,T-pro-it-2.0:10
101      1     10   mlp    mlp_up  Light-IF-32B:10,MedGo:10,T-pro-it-2.0:10
102      1     22   mlp  mlp_down  Light-IF-32B:22,MedGo:22,T-pro-it-2.0:22
103      1     22   mlp  mlp_gate  Light-IF-32B:22,MedGo:22,T-pro-it-2.0:22
104      1     22   mlp    mlp_up  Light-IF-32B:22,MedGo:22,T-pro-it-2.0:22
105      1     27   mlp  mlp_down  Light-IF-32B:27,MedGo:27,T-pro-it-2.0:27
106      1     27   mlp  mlp_gate  Light-IF-32B:27,MedGo:27,T-pro-it-2.0:27
107      1     27   mlp    mlp_up  Light-IF-32B:27,MedGo:27,T-pro-it-2.0:27
108      1      2   mlp  mlp_down     Light-IF-32B:2,MedGo:2,T-pro-it-2.0:2
109      1      2   mlp  mlp_gate     Light-IF-32B:2,MedGo:2,T-pro-it-2.0:2
110      1      2   mlp    mlp_up     Light-IF-32B:2,MedGo:2,T-pro-it-2.0:2
111      1     29   mlp  mlp_down  Light-IF-32B:29,MedGo:29,T-pro-it-2.0:29
112      1     29   mlp  mlp_gate  Light-IF-32B:29,MedGo:29,T-pro-it-2.0:29
113      1     29   mlp    mlp_up  Light-IF-32B:29,MedGo:29,T-pro-it-2.0:29
114      1     31   mlp  mlp_down  Light-IF-32B:31,MedGo:31,T-pro-it-2.0:31
115      1     31   mlp  mlp_gate  Light-IF-32B:31,MedGo:31,T-pro-it-2.0:31
116      1     31   mlp    mlp_up  Light-IF-32B:31,MedGo:31,T-pro-it-2.0:31
117      1     42   mlp  mlp_down  Light-IF-32B:42,MedGo:42,T-pro-it-2.0:42
118      1     42   mlp  mlp_gate  Light-IF-32B:42,MedGo:42,T-pro-it-2.0:42
119      1     42   mlp    mlp_up  Light-IF-32B:42,MedGo:42,T-pro-it-2.0:42
120      1     45   mlp  mlp_down  Light-IF-32B:45,MedGo:45,T-pro-it-2.0:45
121      1     45   mlp  mlp_gate  Light-IF-32B:45,MedGo:45,T-pro-it-2.0:45
122      1     45   mlp    mlp_up  Light-IF-32B:45,MedGo:45,T-pro-it-2.0:45
123      1     47   mlp  mlp_down  Light-IF-32B:47,MedGo:47,T-pro-it-2.0:47
124      1     47   mlp  mlp_gate  Light-IF-32B:47,MedGo:47,T-pro-it-2.0:47
125      1     47   mlp    mlp_up  Light-IF-32B:47,MedGo:47,T-pro-it-2.0:47
126      1     51   mlp  mlp_down  Light-IF-32B:51,MedGo:51,T-pro-it-2.0:51
127      1     51   mlp  mlp_gate  Light-IF-32B:51,MedGo:51,T-pro-it-2.0:51
128      1     51   mlp    mlp_up  Light-IF-32B:51,MedGo:51,T-pro-it-2.0:51
129      1     56   mlp  mlp_down  Light-IF-32B:56,MedGo:56,T-pro-it-2.0:56
130      1     56   mlp  mlp_gate  Light-IF-32B:56,MedGo:56,T-pro-it-2.0:56
131      1     56   mlp    mlp_up  Light-IF-32B:56,MedGo:56,T-pro-it-2.0:56
132      1     58   mlp  mlp_down  Light-IF-32B:58,MedGo:58,T-pro-it-2.0:58
133      1     58   mlp  mlp_gate  Light-IF-32B:58,MedGo:58,T-pro-it-2.0:58
134      1     58   mlp    mlp_up  Light-IF-32B:58,MedGo:58,T-pro-it-2.0:58
135      1     60   mlp  mlp_down  Light-IF-32B:60,MedGo:60,T-pro-it-2.0:60
136      1     60   mlp  mlp_gate  Light-IF-32B:60,MedGo:60,T-pro-it-2.0:60
137      1     60   mlp    mlp_up  Light-IF-32B:60,MedGo:60,T-pro-it-2.0:60
138      1     12   mlp  mlp_down  Light-IF-32B:12,MedGo:12,T-pro-it-2.0:12
139      1     12   mlp  mlp_gate                  Light-IF-32B:12,MedGo:12
140      1     12   mlp    mlp_up  Light-IF-32B:12,MedGo:12,T-pro-it-2.0:12
141      1      9   mlp  mlp_down     Light-IF-32B:9,MedGo:9,T-pro-it-2.0:9
142      1      9   mlp  mlp_gate                    Light-IF-32B:9,MedGo:9
143      1      9   mlp    mlp_up     Light-IF-32B:9,MedGo:9,T-pro-it-2.0:9
144      1     23   mlp  mlp_down  Light-IF-32B:23,MedGo:23,T-pro-it-2.0:23
145      1     23   mlp  mlp_gate                  Light-IF-32B:23,MedGo:23
146      1     23   mlp    mlp_up  Light-IF-32B:23,MedGo:23,T-pro-it-2.0:23
147      1     25   mlp  mlp_down  Light-IF-32B:25,MedGo:25,T-pro-it-2.0:25
148      1     25   mlp  mlp_gate                  Light-IF-32B:25,MedGo:25
149      1     25   mlp    mlp_up  Light-IF-32B:25,MedGo:25,T-pro-it-2.0:25
150      1     53   mlp  mlp_down  Light-IF-32B:53,MedGo:53,T-pro-it-2.0:53
151      1     53   mlp  mlp_gate                  Light-IF-32B:53,MedGo:53
152      1     53   mlp    mlp_up  Light-IF-32B:53,MedGo:53,T-pro-it-2.0:53
153      1     54   mlp  mlp_down  Light-IF-32B:54,MedGo:54,T-pro-it-2.0:54
154      1     54   mlp  mlp_gate                  Light-IF-32B:54,MedGo:54
155      1     54   mlp    mlp_up  Light-IF-32B:54,MedGo:54,T-pro-it-2.0:54
156      1      7   mlp  mlp_down             Light-IF-32B:7,T-pro-it-2.0:7
157      1      7   mlp  mlp_gate             Light-IF-32B:7,T-pro-it-2.0:7
158      1      7   mlp    mlp_up             Light-IF-32B:7,T-pro-it-2.0:7
159      1     33   mlp  mlp_down           Light-IF-32B:33,T-pro-it-2.0:33
160      1     33   mlp  mlp_gate           Light-IF-32B:33,T-pro-it-2.0:33
161      1     33   mlp    mlp_up           Light-IF-32B:33,T-pro-it-2.0:33
162      1     35   mlp  mlp_down           Light-IF-32B:35,T-pro-it-2.0:35
163      1     35   mlp  mlp_gate           Light-IF-32B:35,T-pro-it-2.0:35
164      1     35   mlp    mlp_up           Light-IF-32B:35,T-pro-it-2.0:35
165      1     62   mlp  mlp_down                  Light-IF-32B:62,MedGo:62
166      1     62   mlp  mlp_gate                  Light-IF-32B:62,MedGo:62
167      1     62   mlp    mlp_up                  Light-IF-32B:62,MedGo:62
168      1     14  attn    attn_k  Light-IF-32B:14,MedGo:14,T-pro-it-2.0:14
169      1     14  attn    attn_o  Light-IF-32B:14,MedGo:14,T-pro-it-2.0:14
170      1     14  attn    attn_q  Light-IF-32B:14,MedGo:14,T-pro-it-2.0:14
171      1     14  attn    attn_v  Light-IF-32B:14,MedGo:14,T-pro-it-2.0:14
172      1     19  attn    attn_k  Light-IF-32B:19,MedGo:19,T-pro-it-2.0:19
173      1     19  attn    attn_o  Light-IF-32B:19,MedGo:19,T-pro-it-2.0:19
174      1     19  attn    attn_q  Light-IF-32B:19,MedGo:19,T-pro-it-2.0:19
175      1     19  attn    attn_v  Light-IF-32B:19,MedGo:19,T-pro-it-2.0:19
176      1     21  attn    attn_k  Light-IF-32B:21,MedGo:21,T-pro-it-2.0:21
177      1     21  attn    attn_o  Light-IF-32B:21,MedGo:21,T-pro-it-2.0:21
178      1     21  attn    attn_q  Light-IF-32B:21,MedGo:21,T-pro-it-2.0:21
179      1     21  attn    attn_v  Light-IF-32B:21,MedGo:21,T-pro-it-2.0:21
180      1      9  attn    attn_k     Light-IF-32B:9,MedGo:9,T-pro-it-2.0:9
181      1      9  attn    attn_o     Light-IF-32B:9,MedGo:9,T-pro-it-2.0:9
182      1      9  attn    attn_q     Light-IF-32B:9,MedGo:9,T-pro-it-2.0:9
183      1      9  attn    attn_v     Light-IF-32B:9,MedGo:9,T-pro-it-2.0:9
184      1      7  attn    attn_k     Light-IF-32B:7,MedGo:7,T-pro-it-2.0:7
185      1      7  attn    attn_o     Light-IF-32B:7,MedGo:7,T-pro-it-2.0:7
186      1      7  attn    attn_q     Light-IF-32B:7,MedGo:7,T-pro-it-2.0:7
187      1      7  attn    attn_v     Light-IF-32B:7,MedGo:7,T-pro-it-2.0:7
188      1      5  attn    attn_k     Light-IF-32B:5,MedGo:5,T-pro-it-2.0:5
189      1      5  attn    attn_o     Light-IF-32B:5,MedGo:5,T-pro-it-2.0:5
190      1      5  attn    attn_q     Light-IF-32B:5,MedGo:5,T-pro-it-2.0:5
191      1      5  attn    attn_v     Light-IF-32B:5,MedGo:5,T-pro-it-2.0:5
192      1     26  attn    attn_k  Light-IF-32B:26,MedGo:26,T-pro-it-2.0:26
193      1     26  attn    attn_o  Light-IF-32B:26,MedGo:26,T-pro-it-2.0:26
194      1     26  attn    attn_q  Light-IF-32B:26,MedGo:26,T-pro-it-2.0:26
195      1     26  attn    attn_v  Light-IF-32B:26,MedGo:26,T-pro-it-2.0:26
196      1      3  attn    attn_k     Light-IF-32B:3,MedGo:3,T-pro-it-2.0:3
197      1      3  attn    attn_o     Light-IF-32B:3,MedGo:3,T-pro-it-2.0:3
198      1      3  attn    attn_q     Light-IF-32B:3,MedGo:3,T-pro-it-2.0:3
199      1      3  attn    attn_v     Light-IF-32B:3,MedGo:3,T-pro-it-2.0:3
200      1     29  attn    attn_k  Light-IF-32B:29,MedGo:29,T-pro-it-2.0:29
201      1     29  attn    attn_o  Light-IF-32B:29,MedGo:29,T-pro-it-2.0:29
202      1     29  attn    attn_q  Light-IF-32B:29,MedGo:29,T-pro-it-2.0:29
203      1     29  attn    attn_v  Light-IF-32B:29,MedGo:29,T-pro-it-2.0:29
204      1      1  attn    attn_k     Light-IF-32B:1,MedGo:1,T-pro-it-2.0:1
205      1      1  attn    attn_o     Light-IF-32B:1,MedGo:1,T-pro-it-2.0:1
206      1      1  attn    attn_q     Light-IF-32B:1,MedGo:1,T-pro-it-2.0:1
207      1      1  attn    attn_v     Light-IF-32B:1,MedGo:1,T-pro-it-2.0:1
208      1     31  attn    attn_k  Light-IF-32B:31,MedGo:31,T-pro-it-2.0:31
209      1     31  attn    attn_o  Light-IF-32B:31,MedGo:31,T-pro-it-2.0:31
210      1     31  attn    attn_q  Light-IF-32B:31,MedGo:31,T-pro-it-2.0:31
211      1     31  attn    attn_v  Light-IF-32B:31,MedGo:31,T-pro-it-2.0:31
212      1     36  attn    attn_k  Light-IF-32B:36,MedGo:36,T-pro-it-2.0:36
213      1     36  attn    attn_o  Light-IF-32B:36,MedGo:36,T-pro-it-2.0:36
214      1     36  attn    attn_q  Light-IF-32B:36,MedGo:36,T-pro-it-2.0:36
215      1     36  attn    attn_v  Light-IF-32B:36,MedGo:36,T-pro-it-2.0:36
216      1     41  attn    attn_k  Light-IF-32B:41,MedGo:41,T-pro-it-2.0:41
217      1     41  attn    attn_o  Light-IF-32B:41,MedGo:41,T-pro-it-2.0:41
218      1     41  attn    attn_q  Light-IF-32B:41,MedGo:41,T-pro-it-2.0:41
219      1     41  attn    attn_v  Light-IF-32B:41,MedGo:41,T-pro-it-2.0:41
220      1     44  attn    attn_k  Light-IF-32B:44,MedGo:44,T-pro-it-2.0:44
221      1     44  attn    attn_o  Light-IF-32B:44,MedGo:44,T-pro-it-2.0:44
222      1     44  attn    attn_q  Light-IF-32B:44,MedGo:44,T-pro-it-2.0:44
223      1     44  attn    attn_v  Light-IF-32B:44,MedGo:44,T-pro-it-2.0:44
224      1     52  attn    attn_k  Light-IF-32B:52,MedGo:52,T-pro-it-2.0:52
225      1     52  attn    attn_o  Light-IF-32B:52,MedGo:52,T-pro-it-2.0:52
226      1     52  attn    attn_q  Light-IF-32B:52,MedGo:52,T-pro-it-2.0:52
227      1     52  attn    attn_v  Light-IF-32B:52,MedGo:52,T-pro-it-2.0:52
228      1     56  attn    attn_k  Light-IF-32B:56,MedGo:56,T-pro-it-2.0:56
229      1     56  attn    attn_o  Light-IF-32B:56,MedGo:56,T-pro-it-2.0:56
230      1     56  attn    attn_q  Light-IF-32B:56,MedGo:56,T-pro-it-2.0:56
231      1     56  attn    attn_v  Light-IF-32B:56,MedGo:56,T-pro-it-2.0:56
232      1     58  attn    attn_k  Light-IF-32B:58,MedGo:58,T-pro-it-2.0:58
233      1     58  attn    attn_o  Light-IF-32B:58,MedGo:58,T-pro-it-2.0:58
234      1     58  attn    attn_q  Light-IF-32B:58,MedGo:58,T-pro-it-2.0:58
235      1     58  attn    attn_v  Light-IF-32B:58,MedGo:58,T-pro-it-2.0:58
236      1     23  attn    attn_k                  Light-IF-32B:23,MedGo:23
237      1     23  attn    attn_o  Light-IF-32B:23,MedGo:23,T-pro-it-2.0:23
238      1     23  attn    attn_q  Light-IF-32B:23,MedGo:23,T-pro-it-2.0:23
239      1     23  attn    attn_v  Light-IF-32B:23,MedGo:23,T-pro-it-2.0:23
240      1     33  attn    attn_k  Light-IF-32B:33,MedGo:33,T-pro-it-2.0:33
241      1     33  attn    attn_o                  Light-IF-32B:33,MedGo:33
242      1     33  attn    attn_q  Light-IF-32B:33,MedGo:33,T-pro-it-2.0:33
243      1     33  attn    attn_v  Light-IF-32B:33,MedGo:33,T-pro-it-2.0:33
244      1     38  attn    attn_k  Light-IF-32B:38,MedGo:38,T-pro-it-2.0:38
245      1     38  attn    attn_o                  Light-IF-32B:38,MedGo:38
246      1     38  attn    attn_q  Light-IF-32B:38,MedGo:38,T-pro-it-2.0:38
247      1     38  attn    attn_v  Light-IF-32B:38,MedGo:38,T-pro-it-2.0:38
248      1     46  attn    attn_k                  Light-IF-32B:46,MedGo:46
249      1     46  attn    attn_o  Light-IF-32B:46,MedGo:46,T-pro-it-2.0:46
250      1     46  attn    attn_q  Light-IF-32B:46,MedGo:46,T-pro-it-2.0:46
251      1     46  attn    attn_v  Light-IF-32B:46,MedGo:46,T-pro-it-2.0:46
252      1     48  attn    attn_k  Light-IF-32B:48,MedGo:48,T-pro-it-2.0:48
253      1     48  attn    attn_o  Light-IF-32B:48,MedGo:48,T-pro-it-2.0:48
254      1     48  attn    attn_q  Light-IF-32B:48,MedGo:48,T-pro-it-2.0:48
255      1     48  attn    attn_v                  Light-IF-32B:48,MedGo:48
256      1     17  attn    attn_k                  Light-IF-32B:17,MedGo:17
257      1     17  attn    attn_o                  Light-IF-32B:17,MedGo:17
258      1     17  attn    attn_q  Light-IF-32B:17,MedGo:17,T-pro-it-2.0:17
259      1     17  attn    attn_v  Light-IF-32B:17,MedGo:17,T-pro-it-2.0:17
260      1     12  attn    attn_k  Light-IF-32B:12,MedGo:12,T-pro-it-2.0:12
261      1     12  attn    attn_o                  Light-IF-32B:12,MedGo:12
262      1     12  attn    attn_q  Light-IF-32B:12,MedGo:12,T-pro-it-2.0:12
263      1     12  attn    attn_v                  Light-IF-32B:12,MedGo:12
264      1     50  attn    attn_k  Light-IF-32B:50,MedGo:50,T-pro-it-2.0:50
265      1     50  attn    attn_o                  Light-IF-32B:50,MedGo:50
266      1     50  attn    attn_q  Light-IF-32B:50,MedGo:50,T-pro-it-2.0:50
267      1     50  attn    attn_v                  Light-IF-32B:50,MedGo:50
268      1     54  attn    attn_k                  Light-IF-32B:54,MedGo:54
269      1     54  attn    attn_o  Light-IF-32B:54,MedGo:54,T-pro-it-2.0:54
270      1     54  attn    attn_q                  Light-IF-32B:54,MedGo:54
271      1     54  attn    attn_v  Light-IF-32B:54,MedGo:54,T-pro-it-2.0:54
272      1     60  attn    attn_k                  Light-IF-32B:60,MedGo:60
273      1     60  attn    attn_o                  Light-IF-32B:60,MedGo:60
274      1     60  attn    attn_q  Light-IF-32B:60,MedGo:60,T-pro-it-2.0:60
275      1     60  attn    attn_v  Light-IF-32B:60,MedGo:60,T-pro-it-2.0:60
276      1     62  attn    attn_k  Light-IF-32B:62,MedGo:62,T-pro-it-2.0:62
277      1     62  attn    attn_o  Light-IF-32B:62,MedGo:62,T-pro-it-2.0:62
278      1     62  attn    attn_q                  Light-IF-32B:62,MedGo:62
279      1     62  attn    attn_v                  Light-IF-32B:62,MedGo:62
280      1     13  attn    attn_k  Light-IF-32B:13,MedGo:13,T-pro-it-2.0:13
281      1     13  attn    attn_o  Light-IF-32B:13,MedGo:13,T-pro-it-2.0:13
282      1     13  attn    attn_q  Light-IF-32B:13,MedGo:13,T-pro-it-2.0:13
283      1     13  attn    attn_v  Light-IF-32B:13,MedGo:13,T-pro-it-2.0:13
284      1     20  attn    attn_k  Light-IF-32B:20,MedGo:20,T-pro-it-2.0:20
285      1     20  attn    attn_o  Light-IF-32B:20,MedGo:20,T-pro-it-2.0:20
286      1     20  attn    attn_q  Light-IF-32B:20,MedGo:20,T-pro-it-2.0:20
287      1     20  attn    attn_v  Light-IF-32B:20,MedGo:20,T-pro-it-2.0:20
288      1     22  attn    attn_k  Light-IF-32B:22,MedGo:22,T-pro-it-2.0:22
289      1     22  attn    attn_o  Light-IF-32B:22,MedGo:22,T-pro-it-2.0:22
290      1     22  attn    attn_q  Light-IF-32B:22,MedGo:22,T-pro-it-2.0:22
291      1     22  attn    attn_v  Light-IF-32B:22,MedGo:22,T-pro-it-2.0:22
292      1      8  attn    attn_k     Light-IF-32B:8,MedGo:8,T-pro-it-2.0:8
293      1      8  attn    attn_o     Light-IF-32B:8,MedGo:8,T-pro-it-2.0:8
294      1      8  attn    attn_q     Light-IF-32B:8,MedGo:8,T-pro-it-2.0:8
295      1      8  attn    attn_v     Light-IF-32B:8,MedGo:8,T-pro-it-2.0:8
296      1      6  attn    attn_k     Light-IF-32B:6,MedGo:6,T-pro-it-2.0:6
297      1      6  attn    attn_o     Light-IF-32B:6,MedGo:6,T-pro-it-2.0:6
298      1      6  attn    attn_q     Light-IF-32B:6,MedGo:6,T-pro-it-2.0:6
299      1      6  attn    attn_v     Light-IF-32B:6,MedGo:6,T-pro-it-2.0:6
300      1      4  attn    attn_k     Light-IF-32B:4,MedGo:4,T-pro-it-2.0:4
301      1      4  attn    attn_o     Light-IF-32B:4,MedGo:4,T-pro-it-2.0:4
302      1      4  attn    attn_q     Light-IF-32B:4,MedGo:4,T-pro-it-2.0:4
303      1      4  attn    attn_v     Light-IF-32B:4,MedGo:4,T-pro-it-2.0:4
304      1      2  attn    attn_k     Light-IF-32B:2,MedGo:2,T-pro-it-2.0:2
305      1      2  attn    attn_o     Light-IF-32B:2,MedGo:2,T-pro-it-2.0:2
306      1      2  attn    attn_q     Light-IF-32B:2,MedGo:2,T-pro-it-2.0:2
307      1      2  attn    attn_v     Light-IF-32B:2,MedGo:2,T-pro-it-2.0:2
308      1     30  attn    attn_k  Light-IF-32B:30,MedGo:30,T-pro-it-2.0:30
309      1     30  attn    attn_o  Light-IF-32B:30,MedGo:30,T-pro-it-2.0:30
310      1     30  attn    attn_q  Light-IF-32B:30,MedGo:30,T-pro-it-2.0:30
311      1     30  attn    attn_v  Light-IF-32B:30,MedGo:30,T-pro-it-2.0:30
312      1      0  attn    attn_k     Light-IF-32B:0,MedGo:0,T-pro-it-2.0:0
313      1      0  attn    attn_o     Light-IF-32B:0,MedGo:0,T-pro-it-2.0:0
314      1      0  attn    attn_q     Light-IF-32B:0,MedGo:0,T-pro-it-2.0:0
315      1      0  attn    attn_v     Light-IF-32B:0,MedGo:0,T-pro-it-2.0:0
316      1     45  attn    attn_k  Light-IF-32B:45,MedGo:45,T-pro-it-2.0:45
317      1     45  attn    attn_o  Light-IF-32B:45,MedGo:45,T-pro-it-2.0:45
318      1     45  attn    attn_q  Light-IF-32B:45,MedGo:45,T-pro-it-2.0:45
319      1     45  attn    attn_v  Light-IF-32B:45,MedGo:45,T-pro-it-2.0:45
320      1     15  attn    attn_k  Light-IF-32B:15,MedGo:15,T-pro-it-2.0:15
321      1     15  attn    attn_o  Light-IF-32B:15,MedGo:15,T-pro-it-2.0:15
322      1     15  attn    attn_q  Light-IF-32B:15,MedGo:15,T-pro-it-2.0:15
323      1     15  attn    attn_v                  Light-IF-32B:15,MedGo:15
324      1     25  attn    attn_k  Light-IF-32B:25,MedGo:25,T-pro-it-2.0:25
325      1     25  attn    attn_o                  Light-IF-32B:25,MedGo:25
326      1     25  attn    attn_q  Light-IF-32B:25,MedGo:25,T-pro-it-2.0:25
327      1     25  attn    attn_v  Light-IF-32B:25,MedGo:25,T-pro-it-2.0:25
328      1     27  attn    attn_k  Light-IF-32B:27,MedGo:27,T-pro-it-2.0:27
329      1     27  attn    attn_o                  Light-IF-32B:27,MedGo:27
330      1     27  attn    attn_q  Light-IF-32B:27,MedGo:27,T-pro-it-2.0:27
331      1     27  attn    attn_v  Light-IF-32B:27,MedGo:27,T-pro-it-2.0:27
332      1     28  attn    attn_k  Light-IF-32B:28,MedGo:28,T-pro-it-2.0:28
333      1     28  attn    attn_o                  Light-IF-32B:28,MedGo:28
334      1     28  attn    attn_q  Light-IF-32B:28,MedGo:28,T-pro-it-2.0:28
335      1     28  attn    attn_v  Light-IF-32B:28,MedGo:28,T-pro-it-2.0:28
336      1     32  attn    attn_k  Light-IF-32B:32,MedGo:32,T-pro-it-2.0:32
337      1     32  attn    attn_o                  Light-IF-32B:32,MedGo:32
338      1     32  attn    attn_q  Light-IF-32B:32,MedGo:32,T-pro-it-2.0:32
339      1     32  attn    attn_v  Light-IF-32B:32,MedGo:32,T-pro-it-2.0:32
340      1     34  attn    attn_k  Light-IF-32B:34,MedGo:34,T-pro-it-2.0:34
341      1     34  attn    attn_o                  Light-IF-32B:34,MedGo:34
342      1     34  attn    attn_q  Light-IF-32B:34,MedGo:34,T-pro-it-2.0:34
343      1     34  attn    attn_v  Light-IF-32B:34,MedGo:34,T-pro-it-2.0:34
344      1     35  attn    attn_k  Light-IF-32B:35,MedGo:35,T-pro-it-2.0:35
345      1     35  attn    attn_o                  Light-IF-32B:35,MedGo:35
346      1     35  attn    attn_q  Light-IF-32B:35,MedGo:35,T-pro-it-2.0:35
347      1     35  attn    attn_v  Light-IF-32B:35,MedGo:35,T-pro-it-2.0:35
348      1     47  attn    attn_k  Light-IF-32B:47,MedGo:47,T-pro-it-2.0:47
349      1     47  attn    attn_o  Light-IF-32B:47,MedGo:47,T-pro-it-2.0:47
350      1     47  attn    attn_q                  Light-IF-32B:47,MedGo:47
351      1     47  attn    attn_v  Light-IF-32B:47,MedGo:47,T-pro-it-2.0:47
352      1     51  attn    attn_k  Light-IF-32B:51,MedGo:51,T-pro-it-2.0:51
353      1     51  attn    attn_o                  Light-IF-32B:51,MedGo:51
354      1     51  attn    attn_q  Light-IF-32B:51,MedGo:51,T-pro-it-2.0:51
355      1     51  attn    attn_v  Light-IF-32B:51,MedGo:51,T-pro-it-2.0:51
356      1     55  attn    attn_k  Light-IF-32B:55,MedGo:55,T-pro-it-2.0:55
357      1     55  attn    attn_o                  Light-IF-32B:55,MedGo:55
358      1     55  attn    attn_q  Light-IF-32B:55,MedGo:55,T-pro-it-2.0:55
359      1     55  attn    attn_v  Light-IF-32B:55,MedGo:55,T-pro-it-2.0:55
360      1     57  attn    attn_k  Light-IF-32B:57,MedGo:57,T-pro-it-2.0:57
361      1     57  attn    attn_o                  Light-IF-32B:57,MedGo:57
362      1     57  attn    attn_q  Light-IF-32B:57,MedGo:57,T-pro-it-2.0:57
363      1     57  attn    attn_v  Light-IF-32B:57,MedGo:57,T-pro-it-2.0:57
364      1     59  attn    attn_k  Light-IF-32B:59,MedGo:59,T-pro-it-2.0:59
365      1     59  attn    attn_o                  Light-IF-32B:59,MedGo:59
366      1     59  attn    attn_q  Light-IF-32B:59,MedGo:59,T-pro-it-2.0:59
367      1     59  attn    attn_v  Light-IF-32B:59,MedGo:59,T-pro-it-2.0:59
368      1     11  attn    attn_k                  Light-IF-32B:11,MedGo:11
369      1     11  attn    attn_o                  Light-IF-32B:11,MedGo:11
370      1     11  attn    attn_q  Light-IF-32B:11,MedGo:11,T-pro-it-2.0:11
371      1     11  attn    attn_v  Light-IF-32B:11,MedGo:11,T-pro-it-2.0:11
372      1     10  attn    attn_k  Light-IF-32B:10,MedGo:10,T-pro-it-2.0:10
373      1     10  attn    attn_o                  Light-IF-32B:10,MedGo:10
374      1     10  attn    attn_q                  Light-IF-32B:10,MedGo:10
375      1     10  attn    attn_v  Light-IF-32B:10,MedGo:10,T-pro-it-2.0:10
376      1     24  attn    attn_k                  Light-IF-32B:24,MedGo:24
377      1     24  attn    attn_o                  Light-IF-32B:24,MedGo:24
378      1     24  attn    attn_q  Light-IF-32B:24,MedGo:24,T-pro-it-2.0:24
379      1     24  attn    attn_v  Light-IF-32B:24,MedGo:24,T-pro-it-2.0:24
380      1     39  attn    attn_k                  Light-IF-32B:39,MedGo:39
381      1     39  attn    attn_o                  Light-IF-32B:39,MedGo:39
382      1     39  attn    attn_q  Light-IF-32B:39,MedGo:39,T-pro-it-2.0:39
383      1     39  attn    attn_v  Light-IF-32B:39,MedGo:39,T-pro-it-2.0:39
384      1     43  attn    attn_k                  Light-IF-32B:43,MedGo:43
385      1     43  attn    attn_o                  Light-IF-32B:43,MedGo:43
386      1     43  attn    attn_q  Light-IF-32B:43,MedGo:43,T-pro-it-2.0:43
387      1     43  attn    attn_v  Light-IF-32B:43,MedGo:43,T-pro-it-2.0:43
388      1     49  attn    attn_k  Light-IF-32B:49,MedGo:49,T-pro-it-2.0:49
389      1     49  attn    attn_o                  Light-IF-32B:49,MedGo:49
390      1     49  attn    attn_q  Light-IF-32B:49,MedGo:49,T-pro-it-2.0:49
391      1     49  attn    attn_v                  Light-IF-32B:49,MedGo:49
392      1     53  attn    attn_k  Light-IF-32B:53,MedGo:53,T-pro-it-2.0:53
393      1     53  attn    attn_o                  Light-IF-32B:53,MedGo:53
394      1     53  attn    attn_q  Light-IF-32B:53,MedGo:53,T-pro-it-2.0:53
395      1     53  attn    attn_v                  Light-IF-32B:53,MedGo:53
396      1     61  attn    attn_k  Light-IF-32B:61,MedGo:61,T-pro-it-2.0:61
397      1     61  attn    attn_o                  Light-IF-32B:61,MedGo:61
398      1     61  attn    attn_q                  Light-IF-32B:61,MedGo:61
399      1     61  attn    attn_v  Light-IF-32B:61,MedGo:61,T-pro-it-2.0:61
400      1     16  attn    attn_k                  Light-IF-32B:16,MedGo:16
401      1     16  attn    attn_o                  Light-IF-32B:16,MedGo:16
402      1     16  attn    attn_q  Light-IF-32B:16,MedGo:16,T-pro-it-2.0:16
403      1     16  attn    attn_v                  Light-IF-32B:16,MedGo:16
404      1     18  attn    attn_k                  Light-IF-32B:18,MedGo:18
405      1     18  attn    attn_o                  Light-IF-32B:18,MedGo:18
406      1     18  attn    attn_q  Light-IF-32B:18,MedGo:18,T-pro-it-2.0:18
407      1     18  attn    attn_v                  Light-IF-32B:18,MedGo:18
408      1     37  attn    attn_k                  Light-IF-32B:37,MedGo:37
409      1     37  attn    attn_o                  Light-IF-32B:37,MedGo:37
410      1     37  attn    attn_q  Light-IF-32B:37,MedGo:37,T-pro-it-2.0:37
411      1     37  attn    attn_v                  Light-IF-32B:37,MedGo:37
412      1     63  attn    attn_k                  Light-IF-32B:63,MedGo:63
413      1     63  attn    attn_o                  Light-IF-32B:63,MedGo:63
414      1     63  attn    attn_q                  Light-IF-32B:63,MedGo:63
415      1     63  attn    attn_v                  Light-IF-32B:63,MedGo:63
416      2     12   mlp  mlp_gate   Light-IF-32B:12,MedGo:12,T-pro-it-2.0:9
417      2     53   mlp  mlp_gate  Light-IF-32B:53,MedGo:53,T-pro-it-2.0:53
418      2     23  attn    attn_k  Light-IF-32B:23,MedGo:23,T-pro-it-2.0:11
419      2     38  attn    attn_o  Light-IF-32B:38,MedGo:38,T-pro-it-2.0:35
420      2     12  attn    attn_v  Light-IF-32B:12,MedGo:12,T-pro-it-2.0:12
421      2     25  attn    attn_o  Light-IF-32B:25,MedGo:25,T-pro-it-2.0:32
422      2     34  attn    attn_o  Light-IF-32B:34,MedGo:34,T-pro-it-2.0:24
423      2     35  attn    attn_o  Light-IF-32B:35,MedGo:35,T-pro-it-2.0:40
424      2     10  attn    attn_o  Light-IF-32B:10,MedGo:10,T-pro-it-2.0:11
425      2     24  attn    attn_o  Light-IF-32B:24,MedGo:24,T-pro-it-2.0:50
426      2     61  attn    attn_q  Light-IF-32B:61,MedGo:61,T-pro-it-2.0:47
427      2     37  attn    attn_o  Light-IF-32B:37,MedGo:37,T-pro-it-2.0:60
===========================================================

[bundle] Mode: group. Planned evaluation blocks: 130

[step 0] target=Light-IF-32B, group=mlp, layer=15 (stage=1, scaling=disabled)
`torch_dtype` is deprecated! Use `dtype` instead!
  [load] donor: T-pro-it-2.0
Loading checkpoint shards:   0%|          | 0/14 [00:00<?, ?it/s]Loading checkpoint shards: 100%|██████████| 14/14 [00:00<00:00, 301.78it/s]
The following generation flags are not valid and may be ignored: ['temperature']. Set `TRANSFORMERS_VERBOSITY=info` for more details.
  [load] donor: MedGo
Loading checkpoint shards:   0%|          | 0/14 [00:00<?, ?it/s]Loading checkpoint shards: 100%|██████████| 14/14 [00:00<00:00, 304.46it/s]
Loading checkpoint shards:   0%|          | 0/14 [00:00<?, ?it/s]Loading checkpoint shards: 100%|██████████| 14/14 [00:00<00:00, 302.91it/s]
  - applying mlp_gate: [('Light-IF-32B', 15), ('MedGo', 15), ('T-pro-it-2.0', 15)]
  - applying mlp_up: [('Light-IF-32B', 15), ('MedGo', 15), ('T-pro-it-2.0', 15)]
  - applying mlp_down: [('Light-IF-32B', 15), ('MedGo', 15), ('T-pro-it-2.0', 15)]
[tokenizer-fix] Applying fix_mistral_regex=True for '/workspace/merge_tools/runs/qwen32b3_rerun/work_replay/B_Light-IF-32B/Light-IF-32B'
[step 0] apply: mlp layer=15 (recorded score 76.0000)
[progress] block 1/130 | elapsed 104.6s | accepted 0 rejected 0
[step 1] skip (past cutoff): mlp layer=17
[progress] block 2/130 | elapsed 104.6s | accepted 0 rejected 0
[step 2] skip (past cutoff): mlp layer=13
[progress] block 3/130 | elapsed 104.6s | accepted 0 rejected 0
[step 3] skip (past cutoff): mlp layer=19
[progress] block 4/130 | elapsed 104.6s | accepted 0 rejected 0
[step 4] skip (past cutoff): mlp layer=11
[progress] block 5/130 | elapsed 104.6s | accepted 0 rejected 0
[step 5] skip (past cutoff): mlp layer=21
[progress] block 6/130 | elapsed 104.6s | accepted 0 rejected 0
[step 6] skip (past cutoff): mlp layer=8
[progress] block 7/130 | elapsed 104.6s | accepted 0 rejected 0
[step 7] skip (past cutoff): mlp layer=24
[progress] block 8/130 | elapsed 104.6s | accepted 0 rejected 0
[step 8] skip (past cutoff): mlp layer=26
[progress] block 9/130 | elapsed 104.6s | accepted 0 rejected 0
[step 9] skip (past cutoff): mlp layer=3
[progress] block 10/130 | elapsed 104.6s | accepted 0 rejected 0
[step 10] skip (past cutoff): mlp layer=28
[progress] block 11/130 | elapsed 104.6s | accepted 0 rejected 0
[step 11] skip (past cutoff): mlp layer=30
[progress] block 12/130 | elapsed 104.6s | accepted 0 rejected 0
[step 12] skip (past cutoff): mlp layer=39
[progress] block 13/130 | elapsed 104.6s | accepted 0 rejected 0
[step 13] skip (past cutoff): mlp layer=41
[progress] block 14/130 | elapsed 104.6s | accepted 0 rejected 0
[step 14] skip (past cutoff): mlp layer=44
[progress] block 15/130 | elapsed 104.6s | accepted 0 rejected 0
[step 15] skip (past cutoff): mlp layer=46
[progress] block 16/130 | elapsed 104.6s | accepted 0 rejected 0
[step 16] skip (past cutoff): mlp layer=48
[progress] block 17/130 | elapsed 104.7s | accepted 0 rejected 0
[step 17] skip (past cutoff): mlp layer=50
[progress] block 18/130 | elapsed 104.7s | accepted 0 rejected 0
[step 18] skip (past cutoff): mlp layer=52
[progress] block 19/130 | elapsed 104.7s | accepted 0 rejected 0
[step 19] skip (past cutoff): mlp layer=55
[progress] block 20/130 | elapsed 104.7s | accepted 0 rejected 0
[step 20] skip (past cutoff): mlp layer=57
[progress] block 21/130 | elapsed 104.7s | accepted 0 rejected 0
[step 21] skip (past cutoff): mlp layer=59
[progress] block 22/130 | elapsed 104.7s | accepted 0 rejected 0
[step 22] skip (past cutoff): mlp layer=63
[progress] block 23/130 | elapsed 104.7s | accepted 0 rejected 0
[step 23] skip (past cutoff): mlp layer=61
[progress] block 24/130 | elapsed 104.7s | accepted 0 rejected 0
[step 24] skip (past cutoff): mlp layer=5
[progress] block 25/130 | elapsed 104.7s | accepted 0 rejected 0
[step 25] skip (past cutoff): mlp layer=0
[progress] block 26/130 | elapsed 104.7s | accepted 0 rejected 0
[step 26] skip (past cutoff): mlp layer=32
[progress] block 27/130 | elapsed 104.7s | accepted 0 rejected 0
[step 27] skip (past cutoff): mlp layer=34
[progress] block 28/130 | elapsed 104.7s | accepted 0 rejected 0
[step 28] skip (past cutoff): mlp layer=36
[progress] block 29/130 | elapsed 104.7s | accepted 0 rejected 0
[step 29] skip (past cutoff): mlp layer=16
[progress] block 30/130 | elapsed 104.7s | accepted 0 rejected 0
[step 30] skip (past cutoff): mlp layer=14
[progress] block 31/130 | elapsed 104.7s | accepted 0 rejected 0
[step 31] skip (past cutoff): mlp layer=18
[progress] block 32/130 | elapsed 104.7s | accepted 0 rejected 0
[step 32] skip (past cutoff): mlp layer=20
[progress] block 33/130 | elapsed 104.7s | accepted 0 rejected 0
[step 33] skip (past cutoff): mlp layer=10
[progress] block 34/130 | elapsed 104.7s | accepted 0 rejected 0
[step 34] skip (past cutoff): mlp layer=22
[progress] block 35/130 | elapsed 104.7s | accepted 0 rejected 0
[step 35] skip (past cutoff): mlp layer=27
[progress] block 36/130 | elapsed 104.7s | accepted 0 rejected 0
[step 36] skip (past cutoff): mlp layer=2
[progress] block 37/130 | elapsed 104.7s | accepted 0 rejected 0
[step 37] skip (past cutoff): mlp layer=29
[progress] block 38/130 | elapsed 104.7s | accepted 0 rejected 0
[step 38] skip (past cutoff): mlp layer=31
[progress] block 39/130 | elapsed 104.7s | accepted 0 rejected 0
[step 39] skip (past cutoff): mlp layer=42
[progress] block 40/130 | elapsed 104.7s | accepted 0 rejected 0
[step 40] skip (past cutoff): mlp layer=45
[progress] block 41/130 | elapsed 104.7s | accepted 0 rejected 0
[step 41] skip (past cutoff): mlp layer=47
[progress] block 42/130 | elapsed 104.7s | accepted 0 rejected 0
[step 42] skip (past cutoff): mlp layer=51
[progress] block 43/130 | elapsed 104.7s | accepted 0 rejected 0
[step 43] skip (past cutoff): mlp layer=56
[progress] block 44/130 | elapsed 104.7s | accepted 0 rejected 0
[step 44] skip (past cutoff): mlp layer=58
[progress] block 45/130 | elapsed 104.7s | accepted 0 rejected 0
[step 45] skip (past cutoff): mlp layer=60
[progress] block 46/130 | elapsed 104.7s | accepted 0 rejected 0
[step 46] skip (past cutoff): mlp layer=12
[progress] block 47/130 | elapsed 104.7s | accepted 0 rejected 0
[step 47] skip (past cutoff): mlp layer=9
[progress] block 48/130 | elapsed 104.7s | accepted 0 rejected 0
[step 48] skip (past cutoff): mlp layer=23
[progress] block 49/130 | elapsed 104.7s | accepted 0 rejected 0
[step 49] skip (past cutoff): mlp layer=25
[progress] block 50/130 | elapsed 104.7s | accepted 0 rejected 0
[step 50] skip (past cutoff): mlp layer=53
[progress] block 51/130 | elapsed 104.7s | accepted 0 rejected 0
[step 51] skip (past cutoff): mlp layer=54
[progress] block 52/130 | elapsed 104.7s | accepted 0 rejected 0
[step 52] skip (past cutoff): mlp layer=7
[progress] block 53/130 | elapsed 104.7s | accepted 0 rejected 0
[step 53] skip (past cutoff): mlp layer=33
[progress] block 54/130 | elapsed 104.7s | accepted 0 rejected 0
[step 54] skip (past cutoff): mlp layer=35
[progress] block 55/130 | elapsed 104.7s | accepted 0 rejected 0
[step 55] skip (past cutoff): mlp layer=62
[progress] block 56/130 | elapsed 104.7s | accepted 0 rejected 0
[step 56] skip (past cutoff): attn layer=14
[progress] block 57/130 | elapsed 104.7s | accepted 0 rejected 0
[step 57] skip (past cutoff): attn layer=19
[progress] block 58/130 | elapsed 104.7s | accepted 0 rejected 0
[step 58] skip (past cutoff): attn layer=21
[progress] block 59/130 | elapsed 104.7s | accepted 0 rejected 0
[step 59] skip (past cutoff): attn layer=9
[progress] block 60/130 | elapsed 104.7s | accepted 0 rejected 0
[step 60] skip (past cutoff): attn layer=7
[progress] block 61/130 | elapsed 104.7s | accepted 0 rejected 0
[step 61] skip (past cutoff): attn layer=5
[progress] block 62/130 | elapsed 104.7s | accepted 0 rejected 0
[step 62] skip (past cutoff): attn layer=26
[progress] block 63/130 | elapsed 104.7s | accepted 0 rejected 0
[step 63] skip (past cutoff): attn layer=3
[progress] block 64/130 | elapsed 104.7s | accepted 0 rejected 0
[step 64] skip (past cutoff): attn layer=29
[progress] block 65/130 | elapsed 104.7s | accepted 0 rejected 0
[step 65] skip (past cutoff): attn layer=1
[progress] block 66/130 | elapsed 104.7s | accepted 0 rejected 0
[step 66] skip (past cutoff): attn layer=31
[progress] block 67/130 | elapsed 104.7s | accepted 0 rejected 0
[step 67] skip (past cutoff): attn layer=36
[progress] block 68/130 | elapsed 104.7s | accepted 0 rejected 0
[step 68] skip (past cutoff): attn layer=41
[progress] block 69/130 | elapsed 104.7s | accepted 0 rejected 0
[step 69] skip (past cutoff): attn layer=44
[progress] block 70/130 | elapsed 104.7s | accepted 0 rejected 0
[step 70] skip (past cutoff): attn layer=52
[progress] block 71/130 | elapsed 104.7s | accepted 0 rejected 0
[step 71] skip (past cutoff): attn layer=56
[progress] block 72/130 | elapsed 104.7s | accepted 0 rejected 0
[step 72] skip (past cutoff): attn layer=58
[progress] block 73/130 | elapsed 104.7s | accepted 0 rejected 0
[step 73] skip (past cutoff): attn layer=23
[progress] block 74/130 | elapsed 104.7s | accepted 0 rejected 0
[step 74] skip (past cutoff): attn layer=33
[progress] block 75/130 | elapsed 104.7s | accepted 0 rejected 0
[step 75] skip (past cutoff): attn layer=38
[progress] block 76/130 | elapsed 104.7s | accepted 0 rejected 0
[step 76] skip (past cutoff): attn layer=46
[progress] block 77/130 | elapsed 104.7s | accepted 0 rejected 0
[step 77] skip (past cutoff): attn layer=48
[progress] block 78/130 | elapsed 104.7s | accepted 0 rejected 0
[step 78] skip (past cutoff): attn layer=17
[progress] block 79/130 | elapsed 104.7s | accepted 0 rejected 0
[step 79] skip (past cutoff): attn layer=12
[progress] block 80/130 | elapsed 104.7s | accepted 0 rejected 0
[step 80] skip (past cutoff): attn layer=50
[progress] block 81/130 | elapsed 104.7s | accepted 0 rejected 0
[step 81] skip (past cutoff): attn layer=54
[progress] block 82/130 | elapsed 104.7s | accepted 0 rejected 0
[step 82] skip (past cutoff): attn layer=60
[progress] block 83/130 | elapsed 104.7s | accepted 0 rejected 0
[step 83] skip (past cutoff): attn layer=62
[progress] block 84/130 | elapsed 104.7s | accepted 0 rejected 0
[step 84] skip (past cutoff): attn layer=13
[progress] block 85/130 | elapsed 104.7s | accepted 0 rejected 0
[step 85] skip (past cutoff): attn layer=20
[progress] block 86/130 | elapsed 104.7s | accepted 0 rejected 0
[step 86] skip (past cutoff): attn layer=22
[progress] block 87/130 | elapsed 104.7s | accepted 0 rejected 0
[step 87] skip (past cutoff): attn layer=8
[progress] block 88/130 | elapsed 104.7s | accepted 0 rejected 0
[step 88] skip (past cutoff): attn layer=6
[progress] block 89/130 | elapsed 104.7s | accepted 0 rejected 0
[step 89] skip (past cutoff): attn layer=4
[progress] block 90/130 | elapsed 104.7s | accepted 0 rejected 0
[step 90] skip (past cutoff): attn layer=2
[progress] block 91/130 | elapsed 104.7s | accepted 0 rejected 0
[step 91] skip (past cutoff): attn layer=30
[progress] block 92/130 | elapsed 104.7s | accepted 0 rejected 0
[step 92] skip (past cutoff): attn layer=0
[progress] block 93/130 | elapsed 104.7s | accepted 0 rejected 0
[step 93] skip (past cutoff): attn layer=45
[progress] block 94/130 | elapsed 104.7s | accepted 0 rejected 0
[step 94] skip (past cutoff): attn layer=15
[progress] block 95/130 | elapsed 104.7s | accepted 0 rejected 0
[step 95] skip (past cutoff): attn layer=25
[progress] block 96/130 | elapsed 104.7s | accepted 0 rejected 0
[step 96] skip (past cutoff): attn layer=27
[progress] block 97/130 | elapsed 104.7s | accepted 0 rejected 0
[step 97] skip (past cutoff): attn layer=28
[progress] block 98/130 | elapsed 104.7s | accepted 0 rejected 0
[step 98] skip (past cutoff): attn layer=32
[progress] block 99/130 | elapsed 104.7s | accepted 0 rejected 0
[step 99] skip (past cutoff): attn layer=34
[progress] block 100/130 | elapsed 104.7s | accepted 0 rejected 0
[step 100] skip (past cutoff): attn layer=35
[progress] block 101/130 | elapsed 104.7s | accepted 0 rejected 0
[step 101] skip (past cutoff): attn layer=47
[progress] block 102/130 | elapsed 104.7s | accepted 0 rejected 0
[step 102] skip (past cutoff): attn layer=51
[progress] block 103/130 | elapsed 104.7s | accepted 0 rejected 0
[step 103] skip (past cutoff): attn layer=55
[progress] block 104/130 | elapsed 104.7s | accepted 0 rejected 0
[step 104] skip (past cutoff): attn layer=57
[progress] block 105/130 | elapsed 104.7s | accepted 0 rejected 0
[step 105] skip (past cutoff): attn layer=59
[progress] block 106/130 | elapsed 104.7s | accepted 0 rejected 0
[step 106] skip (past cutoff): attn layer=11
[progress] block 107/130 | elapsed 104.7s | accepted 0 rejected 0
[step 107] skip (past cutoff): attn layer=10
[progress] block 108/130 | elapsed 104.7s | accepted 0 rejected 0
[step 108] skip (past cutoff): attn layer=24
[progress] block 109/130 | elapsed 104.7s | accepted 0 rejected 0
[step 109] skip (past cutoff): attn layer=39
[progress] block 110/130 | elapsed 104.7s | accepted 0 rejected 0
[step 110] skip (past cutoff): attn layer=43
[progress] block 111/130 | elapsed 104.7s | accepted 0 rejected 0
[step 111] skip (past cutoff): attn layer=49
[progress] block 112/130 | elapsed 104.7s | accepted 0 rejected 0
[step 112] skip (past cutoff): attn layer=53
[progress] block 113/130 | elapsed 104.7s | accepted 0 rejected 0
[step 113] skip (past cutoff): attn layer=61
[progress] block 114/130 | elapsed 104.7s | accepted 0 rejected 0
[step 114] skip (past cutoff): attn layer=16
[progress] block 115/130 | elapsed 104.7s | accepted 0 rejected 0
[step 115] skip (past cutoff): attn layer=18
[progress] block 116/130 | elapsed 104.7s | accepted 0 rejected 0
[step 116] skip (past cutoff): attn layer=37
[progress] block 117/130 | elapsed 104.7s | accepted 0 rejected 0
[step 117] skip (past cutoff): attn layer=63
[progress] block 118/130 | elapsed 104.7s | accepted 0 rejected 0
[step 118] skip (past cutoff): mlp layer=12
[progress] block 119/130 | elapsed 104.7s | accepted 0 rejected 0
[step 119] skip (past cutoff): mlp layer=53
[progress] block 120/130 | elapsed 104.7s | accepted 0 rejected 0
[step 120] skip (past cutoff): attn layer=23
[progress] block 121/130 | elapsed 104.7s | accepted 0 rejected 0
[step 121] skip (past cutoff): attn layer=38
[progress] block 122/130 | elapsed 104.7s | accepted 0 rejected 0
[step 122] skip (past cutoff): attn layer=12
[progress] block 123/130 | elapsed 104.7s | accepted 0 rejected 0
[step 123] skip (past cutoff): attn layer=25
[progress] block 124/130 | elapsed 104.7s | accepted 0 rejected 0
[step 124] skip (past cutoff): attn layer=34
[progress] block 125/130 | elapsed 104.7s | accepted 0 rejected 0
[step 125] skip (past cutoff): attn layer=35
[progress] block 126/130 | elapsed 104.7s | accepted 0 rejected 0
[step 126] skip (past cutoff): attn layer=10
[progress] block 127/130 | elapsed 104.7s | accepted 0 rejected 0
[step 127] skip (past cutoff): attn layer=24
[progress] block 128/130 | elapsed 104.7s | accepted 0 rejected 0
[step 128] skip (past cutoff): attn layer=61
[progress] block 129/130 | elapsed 104.7s | accepted 0 rejected 0
[step 129] skip (past cutoff): attn layer=37
[progress] block 130/130 | elapsed 104.7s | accepted 0 rejected 0
[replay] saved variant -> /workspace/merge_tools/runs/qwen32b3_rerun/finaleval/fig5a/B_Light-IF-32B
[limit] Forcing tinyMMLU limit to 1.0
Evaluation failed: lib/python3.12/site-packages/lm_eval/__main__.py", line 474, in cli_evaluate
    results = evaluator.simple_evaluate(
              ^^^^^^^^^^^^^^^^^^^^^^^^^^
  File "/opt/venv/lib/python3.12/site-packages/lm_eval/utils.py", line 458, in _wrapper
    return fn(*args, **kwargs)
           ^^^^^^^^^^^^^^^^^^^
  File "/opt/venv/lib/python3.12/site-packages/lm_eval/evaluator.py", line 357, in simple_evaluate
    results = evaluate(
              ^^^^^^^^^
  File "/opt/venv/lib/python3.12/site-packages/lm_eval/utils.py", line 458, in _wrapper
    return fn(*args, **kwargs)
           ^^^^^^^^^^^^^^^^^^^
  File "/opt/venv/lib/python3.12/site-packages/lm_eval/evaluator.py", line 585, in evaluate
    resps = getattr(lm, reqtype)(cloned_reqs)
            ^^^^^^^^^^^^^^^^^^^^^^^^^^^^^^^^^
  File "/opt/venv/lib/python3.12/site-packages/lm_eval/api/model.py", line 453, in loglikelihood
    return self._loglikelihood_tokens(new_reqs, disable_tqdm=disable_tqdm)
           ^^^^^^^^^^^^^^^^^^^^^^^^^^^^^^^^^^^^^^^^^^^^^^^^^^^^^^^^^^^^^^^
  File "/opt/venv/lib/python3.12/site-packages/lm_eval/models/huggingface.py", line 1295, in _loglikelihood_tokens
    multi_logits = F.log_softmax(
                   ^^^^^^^^^^^^^^
  File "/opt/venv/lib/python3.12/site-packages/torch/nn/functional.py", line 2241, in log_softmax
    ret = input.log_softmax(dim)
          ^^^^^^^^^^^^^^^^^^^^^^
torch.OutOfMemoryError: CUDA out of memory. Tried to allocate 55.10 GiB. GPU 0 has a total capacity of 139.80 GiB of which 22.45 GiB is free. Process 39786 has 117.34 GiB memory in use. Of the allocated memory 116.16 GiB is allocated by PyTorch, and 535.17 MiB is reserved by PyTorch but unallocated. If reserved but unallocated memory is large try setting PYTORCH_CUDA_ALLOC_CONF=expandable_segments:True to avoid fragmentation.  See documentation for Memory Management  (https://pytorch.org/docs/stable/notes/cuda.html#environment-variables)

Running loglikelihood requests:   0%|          | 0/400 [00:34<?, ?it/s] (status=FAILED)
  [eval-retry] Light-IF-32B final: attempt 1/3 produced no score; retrying in 30s
[limit] Forcing tinyMMLU limit to 1.0
Evaluation failed: lib/python3.12/site-packages/lm_eval/__main__.py", line 474, in cli_evaluate
    results = evaluator.simple_evaluate(
              ^^^^^^^^^^^^^^^^^^^^^^^^^^
  File "/opt/venv/lib/python3.12/site-packages/lm_eval/utils.py", line 458, in _wrapper
    return fn(*args, **kwargs)
           ^^^^^^^^^^^^^^^^^^^
  File "/opt/venv/lib/python3.12/site-packages/lm_eval/evaluator.py", line 357, in simple_evaluate
    results = evaluate(
              ^^^^^^^^^
  File "/opt/venv/lib/python3.12/site-packages/lm_eval/utils.py", line 458, in _wrapper
    return fn(*args, **kwargs)
           ^^^^^^^^^^^^^^^^^^^
  File "/opt/venv/lib/python3.12/site-packages/lm_eval/evaluator.py", line 585, in evaluate
    resps = getattr(lm, reqtype)(cloned_reqs)
            ^^^^^^^^^^^^^^^^^^^^^^^^^^^^^^^^^
  File "/opt/venv/lib/python3.12/site-packages/lm_eval/api/model.py", line 453, in loglikelihood
    return self._loglikelihood_tokens(new_reqs, disable_tqdm=disable_tqdm)
           ^^^^^^^^^^^^^^^^^^^^^^^^^^^^^^^^^^^^^^^^^^^^^^^^^^^^^^^^^^^^^^^
  File "/opt/venv/lib/python3.12/site-packages/lm_eval/models/huggingface.py", line 1295, in _loglikelihood_tokens
    multi_logits = F.log_softmax(
                   ^^^^^^^^^^^^^^
  File "/opt/venv/lib/python3.12/site-packages/torch/nn/functional.py", line 2241, in log_softmax
    ret = input.log_softmax(dim)
          ^^^^^^^^^^^^^^^^^^^^^^
torch.OutOfMemoryError: CUDA out of memory. Tried to allocate 55.10 GiB. GPU 0 has a total capacity of 139.80 GiB of which 22.45 GiB is free. Process 43388 has 117.34 GiB memory in use. Of the allocated memory 116.16 GiB is allocated by PyTorch, and 535.17 MiB is reserved by PyTorch but unallocated. If reserved but unallocated memory is large try setting PYTORCH_CUDA_ALLOC_CONF=expandable_segments:True to avoid fragmentation.  See documentation for Memory Management  (https://pytorch.org/docs/stable/notes/cuda.html#environment-variables)

Running loglikelihood requests:   0%|          | 0/400 [00:34<?, ?it/s] (status=FAILED)
  [eval-retry] Light-IF-32B final: attempt 2/3 produced no score; retrying in 60s
[limit] Forcing tinyMMLU limit to 1.0
Evaluation failed: lib/python3.12/site-packages/lm_eval/__main__.py", line 474, in cli_evaluate
    results = evaluator.simple_evaluate(
              ^^^^^^^^^^^^^^^^^^^^^^^^^^
  File "/opt/venv/lib/python3.12/site-packages/lm_eval/utils.py", line 458, in _wrapper
    return fn(*args, **kwargs)
           ^^^^^^^^^^^^^^^^^^^
  File "/opt/venv/lib/python3.12/site-packages/lm_eval/evaluator.py", line 357, in simple_evaluate
    results = evaluate(
              ^^^^^^^^^
  File "/opt/venv/lib/python3.12/site-packages/lm_eval/utils.py", line 458, in _wrapper
    return fn(*args, **kwargs)
           ^^^^^^^^^^^^^^^^^^^
  File "/opt/venv/lib/python3.12/site-packages/lm_eval/evaluator.py", line 585, in evaluate
    resps = getattr(lm, reqtype)(cloned_reqs)
            ^^^^^^^^^^^^^^^^^^^^^^^^^^^^^^^^^
  File "/opt/venv/lib/python3.12/site-packages/lm_eval/api/model.py", line 453, in loglikelihood
    return self._loglikelihood_tokens(new_reqs, disable_tqdm=disable_tqdm)
           ^^^^^^^^^^^^^^^^^^^^^^^^^^^^^^^^^^^^^^^^^^^^^^^^^^^^^^^^^^^^^^^
  File "/opt/venv/lib/python3.12/site-packages/lm_eval/models/huggingface.py", line 1295, in _loglikelihood_tokens
    multi_logits = F.log_softmax(
                   ^^^^^^^^^^^^^^
  File "/opt/venv/lib/python3.12/site-packages/torch/nn/functional.py", line 2241, in log_softmax
    ret = input.log_softmax(dim)
          ^^^^^^^^^^^^^^^^^^^^^^
torch.OutOfMemoryError: CUDA out of memory. Tried to allocate 55.10 GiB. GPU 0 has a total capacity of 139.80 GiB of which 22.45 GiB is free. Process 43978 has 117.34 GiB memory in use. Of the allocated memory 116.16 GiB is allocated by PyTorch, and 535.17 MiB is reserved by PyTorch but unallocated. If reserved but unallocated memory is large try setting PYTORCH_CUDA_ALLOC_CONF=expandable_segments:True to avoid fragmentation.  See documentation for Memory Management  (https://pytorch.org/docs/stable/notes/cuda.html#environment-variables)

Running loglikelihood requests:   0%|          | 0/400 [00:34<?, ?it/s] (status=FAILED)

[final] Light-IF-32B: evaluation failed after retries; no score.
